PASS A01_scope_target_mutation
PASS A02_scope_action_mutation
PASS A03_scope_risk_mutation
PASS A_route_verify_GREEN
PASS A_route_final_gate_GREEN
PASS A_route_verify_YELLOW
PASS A_route_final_gate_YELLOW
PASS A_route_verify_RED
PASS A_route_final_gate_RED
PASS A10_red_has_approval
PASS A11_green_no_forced_approval
PASS A12_source_opened_read_only
PASS A13_backup_precedes_new_schema
PASS A14_validation_precedes_swap
PASS A15_swap_restores_original
PASS A16_temp_removed_on_migration_error
PASS A17_rollback_requires_confirmation
PASS A18_rollback_keeps_safety_copy
PASS A19_exact_18_models
PASS A20_no_core_shadow_database
PASS A21_single_runtime_database_url
PASS A22_approval_cas
PASS A23_scope_recomputed_server_side
PASS A24_expired_approval_rejected
PASS A25_rejection_blocks_mission
PASS A26_external_effect_not_executed
PASS A27_external_effect_idempotency
PASS A28_verifier_is_separate_agent
PASS A29_verification_failure_stops
PASS A30_truthful_simulated_completion
PASS A31_no_live_tool_execution
PASS A32_attempt_limit
PASS A33_host_loopback_only
PASS A34_forwarded_host_checked
PASS A35_forwarded_for_checked
PASS A36_real_ip_checked
PASS A37_no_token_as_network_substitute
PASS A38_no_html_injection
PASS A39_human_approval_controls
PASS A40_scope_hash_sent
PASS A41_artifact_rendered_as_pre
PASS A42_unknown_schema_rejected
PASS A43_unknown_schema_unchanged
PASS A44_no_duplicate_mission_param
PASS A45_no_duplicate_run_param
PASS A46_no_duplicate_approval_param
RESULT 46/46 passed
