PASS package_name
PASS package_version
PASS local_dev_bind
PASS local_start_bind
PASS no_active_supabase_dependency
PASS script_db:rebuild
PASS script_db:rebuild:dry-run
PASS script_db:rollback:v0.8
PASS script_db:doctor
PASS script_db:backup
PASS script_local:install
PASS script_local:verify
PASS script_verify:v0.9.0
PASS prisma_exact_18_models
PASS prisma_exact_18_maps
PASS sqlite_primary_schema
PASS schema_version_090
PASS legacy_schema_preserved
PASS future_postgres_isolated
PASS no_dual_core_schema
PASS core_tables_constant
PASS sql_exact_18_create_tables
PASS foreign_keys_enabled
PASS sql_table_workspace
PASS sql_table_org_unit
PASS sql_table_role
PASS sql_table_agent
PASS sql_table_mission
PASS sql_table_mission_run
PASS sql_table_work_item
PASS sql_table_workflow_step
PASS sql_table_workflow_transition
PASS sql_table_review
PASS sql_table_approval
PASS sql_table_council_session
PASS sql_table_council_message
PASS sql_table_decision_record
PASS sql_table_artifact
PASS sql_table_external_effect
PASS sql_table_event_log
PASS sql_table_file_asset
PASS index_idx_mission_status
PASS index_idx_run_status
PASS index_idx_org_unit_scope
PASS index_idx_work_item_run
PASS index_idx_step_run
PASS index_idx_review_run
PASS index_idx_approval_run
PASS index_idx_event_run
PASS migration_detects_080
PASS migration_rejects_unknown
PASS migration_dry_run
PASS migration_backup_first
PASS migration_source_read_only
PASS migration_temp_db
PASS migration_transaction
PASS migration_validates_fk
PASS migration_validates_before_swap
PASS migration_atomic_swap
PASS migration_swap_rollback
PASS migration_two_pass_team
PASS migration_two_pass_manager
PASS migration_report
PASS rollback_confirmation
PASS rollback_safety_copy
PASS service_mission-service.ts
PASS service_organization-service.ts
PASS service_workflow-service.ts
PASS service_approval-service.ts
PASS service_council-service.ts
PASS service_workspace-service.ts
PASS service_database-service.ts
PASS service_event-service.ts
PASS service_local-security.ts
PASS obsolete_removed_runtime-service.ts
PASS obsolete_removed_read-model.ts
PASS obsolete_removed_local-auth.ts
PASS obsolete_removed_database-health.ts
PASS obsolete_removed_api.ts
PASS workflow_org_provisioning
PASS workflow_policy_driven
PASS workflow_human_approval
PASS workflow_independent_review
PASS workflow_final_gate_after_review
PASS workflow_truthful_simulation
PASS workflow_external_effect_ledger
PASS workflow_no_external_execution
PASS workflow_retry_bound
PASS run_idempotency
PASS approval_cas
PASS approval_scope_binding
PASS approval_rejection_blocks
PASS approval_resume_explicit
PASS organization_has_manager
PASS organization_has_verifier
PASS council_decision_support
PASS council_no_effect_execution
PASS workspace_workItems
PASS workspace_steps
PASS workspace_transitions
PASS workspace_reviews
PASS workspace_approvals
PASS workspace_councils
PASS workspace_decisions
PASS workspace_artifacts
PASS workspace_effects
PASS workspace_events
PASS local_loopback_host
PASS local_forwarded_ip_guard
PASS product_definition_work_automation
PASS proofgraph_separated
PASS budget_bound
PASS action_bound
PASS risk_fail_closed
PASS route_src/app/api/missions/route.ts
PASS route_src/app/api/missions/[id]/runs/route.ts
PASS route_src/app/api/runs/[id]/workspace/route.ts
PASS route_src/app/api/runs/[id]/execute/route.ts
PASS route_src/app/api/runs/[id]/council/route.ts
PASS route_src/app/api/approvals/route.ts
PASS route_src/app/api/approvals/[id]/route.ts
PASS route_src/app/api/system/database/route.ts
PASS no_duplicate_dynamic_mission_routes
PASS no_duplicate_dynamic_run_routes
PASS no_duplicate_dynamic_approval_routes
PASS ui_command-center.tsx
PASS ui_mission-workspace.tsx
PASS ui_approvals-center.tsx
PASS ui_council-center.tsx
PASS ui_database-settings.tsx
PASS ui_version_visible
PASS ui_db_18_visible
PASS ui_no_dangerous_html
PASS ui_integrated_workflow
PASS no_active_supabase_import
PASS no_proofgraph_runtime_product
PASS no_phase_user_facing
RESULT 137/137 passed
